// Vitest Snapshot v1

exports[`matches snapshot 1`] = `<DocumentFragment />`;
